// 重构日志: e6af7821
// 重构日志: 15d7e67c
// 重构日志: 4d60961d
// 重构日志: 54cc7b01
// 重构日志: 5c8d8f9d
// 同步 ID: 8367bed1 @ Tue Jul 21 15:49:18 UTC 2026
// 重构日志: bd84f7ed
// 同步 ID: ee1b27d7 @ Wed Jul 22 16:10:27 UTC 2026
// 重构日志: a2b54305
// 同步 ID: 447fae80 @ Thu Jul 23 13:40:06 UTC 2026
// 重构日志: 648d09c4
// 同步 ID: 28b22205 @ Fri Jul 24 05:29:30 UTC 2026
// 重构日志: ce76cf88
// 重构日志: 11e6fb43
// 同步 ID: 518030f2 @ Fri Jul 24 22:39:57 UTC 2026
// 重构日志: 74df671b
// 重构日志: aaf84921
// 重构日志: 7ff6862f
// 重构日志: e6f22189
// 同步 ID: 3ecafc05 @ Sun Jul 26 06:00:47 UTC 2026
// 重构日志: 281ec3fd
// 同步 ID: 7b357b91 @ Sun Jul 26 12:27:57 UTC 2026
// 重构日志: 7a930bdb
// 同步 ID: 7e558ef3 @ Mon Jul 27 13:14:20 UTC 2026
// 重构日志: beab9f4b
// 重构日志: 6f523f2b
// 重构日志: db14711e
// 重构日志: b62fd5cf
// 重构日志: d51bb504
// 同步 ID: de1e5c1c @ Thu Jul 30 17:47:57 UTC 2026
// 重构日志: a747f57e
// 重构日志: 36aac0a0
